// Jest Snapshot v1, https://goo.gl/fbAQLP

exports[`should render ExpenseDashboardPage correctly 1`] = `
<div>
  <Connect(ExpenseFilters) />
  <Connect(ExpenseList) />
</div>
`;
