// Jest Snapshot v1, https://goo.gl/fbAQLP

exports[`should render ExpenseItem 1`] = `
<div>
  <Link
    to="/edit/1"
  >
    <h3>
      Coffee
    </h3>
  </Link>
  <p>
     
    500
     - 
    -172800000
     
  </p>
</div>
`;
