// Jest Snapshot v1, https://goo.gl/fbAQLP

exports[`should render ExpenseList with expenses 1`] = `
<div>
  <ExpenseItem
    amount={500}
    createdAt={-172800000}
    description="Coffee"
    id={1}
    key="1"
    note=""
  />
  <ExpenseItem
    amount={2500}
    createdAt={-86400000}
    description="Shirt"
    id={2}
    key="2"
    note=""
  />
  <ExpenseItem
    amount={300}
    createdAt={172800000}
    description="Uber"
    id={3}
    key="3"
    note=""
  />
</div>
`;

exports[`showld render ExpenseList with empty expenses 1`] = `
<div>
  <p>
    No expenses to show
  </p>
</div>
`;
