// Jest Snapshot v1, https://goo.gl/fbAQLP

exports[`should render Header correctly 1`] = `
<header>
  <h1>
    Expensify
  </h1>
  <NavLink
    activeClassName="active"
    exact={true}
    to="/"
  >
    Dashboad
  </NavLink>
  <NavLink
    activeClassName="active"
    to="/create"
  >
    Add Expense
  </NavLink>
</header>
`;
